// Jest Snapshot v1, https://goo.gl/fbAQLP

exports[`Test Routes component Match its snapshot 1`] = `
<BrowserRouter>
  <Switch>
    <Route
      component={[Function]}
      exact={true}
      path="/"
    />
    <Route
      component={[Function]}
      exact={true}
      path="/me"
    />
    <Redirect
      push={false}
      to="/"
    />
  </Switch>
</BrowserRouter>
`;
